// Jest Snapshot v1, https://goo.gl/fbAQLP

exports[`<ArtworkView /> 정상적으로 렌더링된다 1`] = `
.c0 {
  margin: 1rem 0;
  border: 0.0625rem solid #E0E0E0;
  background-color: #FFF;
}

@media (max-width:768px) {
  .c0 {
    margin: 0;
    border: none;
  }
}

<div
  class="c0"
>
  <span
    componentname="ArtworkItem"
  />
  <span
    componentname="CommentList"
  />
</div>
`;
