// Jest Snapshot v1, https://goo.gl/fbAQLP

exports[`<CommentItem /> 정상적으로 렌더링된다 1`] = `
.c0 {
  display: -webkit-box;
  display: -webkit-flex;
  display: -ms-flexbox;
  display: flex;
}

.c1 {
  padding: 0.5rem;
  border-radius: 0.5rem;
}

<div
  class="c0"
>
  <div
    class="c1"
  >
    <span
      componentname="Text"
    >
      영화번역가 황석희
    </span>
    <span
      componentname="Text"
    >
      달인급 캐릭터 분량 조절의 기술. 이 긴 영화에 지루함 한 톨 없다. 너는 어른이 다 됐더라, 피터
    </span>
  </div>
</div>
`;
