// Jest Snapshot v1, https://goo.gl/fbAQLP

exports[`<CommentItem /> 정상적으로 렌더링된다 1`] = `
.c1 {
  display: -webkit-box;
  display: -webkit-flex;
  display: -ms-flexbox;
  display: flex;
}

.c2 {
  padding: 0.5rem;
  border-radius: 0.75rem;
}

.c0:hover .eBJlmb {
  display: block;
}

<div
  class="c0 c1"
>
  <div
    class="c2"
  >
    <span
      componentname="Text"
    />
    <span
      componentname="Text"
    >
      달인급 캐릭터 분량 조절의 기술. 이 긴 영화에 지루함 한 톨 없다. 너는 어른이 다 됐더라, 피터
    </span>
  </div>
  <span
    componentname="CommentTooltip"
  />
</div>
`;
