// Jest Snapshot v1, https://goo.gl/fbAQLP

exports[`<Paragraph /> 자식 컴포넌트가 들어온 경우 그려준다 1`] = `
.c0 {
  color: #424242;
  font-family: 'Spoqa Han Sans','Sans-serif','Helvetica Neue','Nanum Gothic';
  font-size: 1rem;
  line-height: 1.4;
}

<p
  className="c0"
  color="gray.90"
  font="default"
  fontSize={16}
  theme={
    Object {
      "fonts": Object {
        "default": "'Spoqa Han Sans', 'Sans-serif', 'Helvetica Neue', 'Nanum Gothic'",
        "monospace": "'Monaco', 'Consolas'",
      },
      "palette": Object {
        "gray": Object {
          "10": "#FAFAFA",
          "100": "#2D2D2D",
          "20": "#F5F5F5",
          "30": "#EEEEEE",
          "40": "#E0E0E0",
          "50": "#BDBDBD",
          "60": "#9E9E9E",
          "70": "#757575",
          "80": "#616161",
          "90": "#424242",
        },
        "red": Object {
          "default": "#FF8787",
        },
        "transparent": Object {
          "default": "transparent",
        },
        "white": Object {
          "default": "#FFF",
        },
        "yellow": Object {
          "dark": "#C49000",
          "default": "#FBC02D",
        },
      },
      "sizes": Object {},
    }
  }
>
  test
</p>
`;

exports[`<Paragraph /> 정상적으로 렌더링된다 1`] = `
.c0 {
  color: #424242;
  font-family: 'Spoqa Han Sans','Sans-serif','Helvetica Neue','Nanum Gothic';
  font-size: 1rem;
  line-height: 1.4;
}

<p
  class="c0"
  color="gray.90"
  font="default"
  font-size="16"
  theme="[object Object]"
/>
`;
