// Jest Snapshot v1, https://goo.gl/fbAQLP

exports[`<LoginForm /> 정상적으로 렌더링된다 1`] = `
<Form
  onSubmit={[MockFunction]}
>
  <Field
    component={[Function]}
    label="사용자명"
    name="name"
    placeholder="로그인 혹은 회원가입을 위한 사용자 이름입니다."
  />
  <Field
    component={[Function]}
    label="비밀번호"
    name="password"
    placeholder="4자 이상의 비밀번호를 입력해주세요."
  />
  <StyledButton
    block={true}
    disabled={false}
    type="submit"
  >
    시작하기
  </StyledButton>
</Form>
`;
