// Jest Snapshot v1, https://goo.gl/fbAQLP

exports[`<CommentForm /> 정상적으로 렌더링된다 1`] = `
<Form
  onSubmit={[MockFunction]}
>
  <StyledField
    component={[Function]}
    name="content"
    placeholder="이 작품은 어땠나요?"
    type="textarea"
  />
  <StyledButton
    disabled={false}
    isLoading={false}
    type="submit"
  >
    등록
  </StyledButton>
</Form>
`;
