// Jest Snapshot v1, https://goo.gl/fbAQLP

exports[`<ArtworkItem /> 이미지를 표시한다 1`] = `
.c0 {
  display: -webkit-box;
  display: -webkit-flex;
  display: -ms-flexbox;
  display: flex;
  padding: 1rem;
  border: 0.0625rem solid #E0E0E0;
  background-color: #FFF;
  cursor: pointer;
  -webkit-transition: background-color 0.2s,box-shadow 0.2s;
  transition: background-color 0.2s,box-shadow 0.2s;
}

.c0:hover {
  background-color: #FAFAFA;
  box-shadow: 0 0.125rem 0.125rem 0 rgba(0,0,0,0.1);
}

@media (max-width:639px) {
  .c0 {
    -webkit-flex-direction: column;
    -ms-flex-direction: column;
    flex-direction: column;
  }
}

<Link
  className="c0"
  theme={
    Object {
      "fonts": Object {
        "default": "'Spoqa Han Sans', 'Sans-serif', 'Helvetica Neue', 'Nanum Gothic'",
        "monospace": "'Monaco', 'Consolas'",
      },
      "palette": Object {
        "gray": Object {
          "10": "#FAFAFA",
          "100": "#2D2D2D",
          "20": "#F5F5F5",
          "30": "#EEEEEE",
          "40": "#E0E0E0",
          "50": "#BDBDBD",
          "60": "#9E9E9E",
          "70": "#757575",
          "80": "#616161",
          "90": "#424242",
        },
        "red": Object {
          "default": "#FF8787",
        },
        "transparent": Object {
          "default": "transparent",
        },
        "white": Object {
          "default": "#FFF",
        },
        "yellow": Object {
          "default": "#FBC02D",
        },
      },
      "sizes": Object {},
    }
  }
  to="artworks/112047"
>
  <HeadingArea>
    <Heading
      level={3}
    >
      #
      112047
    </Heading>
    <Text
      color="gray.50"
      fontSize={12}
      fontWeight={200}
      small={true}
    >
      by 
      nagatsuki taffee
    </Text>
  </HeadingArea>
  <Divider />
  <InfoArea>
    <Title
      fontWeight={400}
      level={5}
    >
      Re: 제로부터 시작하는 이세계 생활
    </Title>
    <TagArea>
      <TypeTag />
      <Tag
        key="rebirth"
      >
        rebirth
      </Tag>
      <Tag
        key="loop"
      >
        loop
      </Tag>
      <Tag
        key="harem"
      >
        harem
      </Tag>
      <Tag
        key="this is a long tag"
      >
        this is a long tag
      </Tag>
    </TagArea>
  </InfoArea>
  <Image
    alt=""
    src="https://cdn.namuwikiusercontent.com/s/3f75b87a3b69db1af44479a12315ed58c7e6121c2842cf929209cbf74fa23b7b214a9124e7e494f6ffc8312bdcf231d53278bdf5e7330fb8b23c59ac2ebaf299a3775c6479795372d4b4be0533d58d63?e=1535506665&k=FZxNDPx_iAUdg9ZFqsqXGg"
  />
</Link>
`;

exports[`<ArtworkItem /> 정상적으로 렌더링된다 1`] = `
.c0 {
  display: -webkit-box;
  display: -webkit-flex;
  display: -ms-flexbox;
  display: flex;
  -webkit-flex-direction: column;
  -ms-flex-direction: column;
  flex-direction: column;
  -webkit-align-items: center;
  -webkit-box-align: center;
  -ms-flex-align: center;
  align-items: center;
  -webkit-box-pack: space-around;
  -webkit-justify-content: space-around;
  -ms-flex-pack: space-around;
  justify-content: space-around;
  width: 10rem;
}

.c2 {
  -webkit-flex: 1;
  -ms-flex: 1;
  flex: 1;
  display: -webkit-box;
  display: -webkit-flex;
  display: -ms-flexbox;
  display: flex;
  -webkit-flex-direction: column;
  -ms-flex-direction: column;
  flex-direction: column;
  -webkit-box-pack: justify;
  -webkit-justify-content: space-between;
  -ms-flex-pack: justify;
  justify-content: space-between;
  overflow: hidden;
}

.c1 {
  width: 0.0625rem;
  margin: 0 1rem;
}

.c3 {
  width: 100%;
  white-space: nowrap;
  overflow: scroll;
}

.c3::-webkit-scrollbar {
  width: 0;
  height: 0;
}

@media (max-width:639px) {
  .c0 {
    width: 100%;
  }
}

@media (max-width:639px) {
  .c1 {
    width: 100%;
    height: 0.0625rem;
    margin: 1rem 0;
  }
}

<span
  componentname="Link"
>
  <div
    class="c0"
  >
    <span
      componentname="Heading"
    >
      #112047
    </span>
    <span
      componentname="Text"
    >
      by nagatsuki taffee
    </span>
  </div>
  <div
    class="c1"
  />
  <div
    class="c2"
  >
    <span
      componentname="Heading"
    >
      Re: 제로부터 시작하는 이세계 생활
    </span>
    <div
      class="c3"
    >
      <span
        componentname="Tag"
      />
      <span
        componentname="Tag"
      >
        rebirth
      </span>
      <span
        componentname="Tag"
      >
        loop
      </span>
      <span
        componentname="Tag"
      >
        harem
      </span>
      <span
        componentname="Tag"
      >
        this is a long tag
      </span>
    </div>
  </div>
</span>
`;
